// Jest Snapshot v1, https://goo.gl/fbAQLP

exports[`TimetableHome Snapshot Test 1`] = `
<View
  style={
    Object {
      "alignItems": "center",
      "backgroundColor": "#f0f0f0",
      "flex": 1,
    }
  }
>
  <View
    style={
      Object {
        "backgroundColor": "#4269E1",
        "borderTopLeftRadius": 10,
        "borderTopRightRadius": 10,
        "marginTop": 50,
        "padding": 5,
        "width": "80%",
      }
    }
  >
    <Text
      style={
        Object {
          "color": "white",
          "fontSize": 24,
          "textAlign": "center",
        }
      }
    >
      Timetable
    </Text>
  </View>
  <View
    style={
      Object {
        "alignItems": "center",
        "backgroundColor": "white",
        "borderBottomLeftRadius": 10,
        "borderBottomRightRadius": 10,
        "justifyContent": "center",
        "padding": 20,
        "width": "80%",
      }
    }
  >
    <TextInput
      allowFontScaling={true}
      onChangeText={[Function]}
      placeholder="Course code"
      rejectResponderTermination={true}
      style={
        Object {
          "borderWidth": 1,
          "margin": 20,
          "paddingLeft": 10,
          "width": "70%",
        }
      }
      underlineColorAndroid="transparent"
      value=""
    />
    <View
      accessible={true}
      focusable={true}
      onClick={[Function]}
      onResponderGrant={[Function]}
      onResponderMove={[Function]}
      onResponderRelease={[Function]}
      onResponderTerminate={[Function]}
      onResponderTerminationRequest={[Function]}
      onStartShouldSetResponder={[Function]}
      style={
        Object {
          "backgroundColor": "#4169e1",
          "borderRadius": 5,
          "margin": 10,
          "opacity": 1,
          "padding": 15,
          "width": 200,
        }
      }
    >
      <Text
        style={
          Object {
            "color": "white",
            "fontSize": 16,
            "fontWeight": "bold",
            "textAlign": "center",
          }
        }
      >
        Choose Date
      </Text>
    </View>
    <View
      accessible={true}
      focusable={true}
      onClick={[Function]}
      onResponderGrant={[Function]}
      onResponderMove={[Function]}
      onResponderRelease={[Function]}
      onResponderTerminate={[Function]}
      onResponderTerminationRequest={[Function]}
      onStartShouldSetResponder={[Function]}
      style={
        Object {
          "backgroundColor": "green",
          "borderRadius": 5,
          "margin": 10,
          "opacity": 1,
          "padding": 15,
          "width": 200,
        }
      }
    >
      <Text
        style={
          Object {
            "color": "white",
            "fontSize": 16,
            "fontWeight": "bold",
            "textAlign": "center",
          }
        }
      >
        Submit
      </Text>
    </View>
  </View>
</View>
`;
