// Jest Snapshot v1, https://goo.gl/fbAQLP

exports[`SignupScreen Snapshot Test 1`] = `
<View
  style={
    Object {
      "alignItems": "center",
      "backgroundColor": "#eee",
      "flex": 1,
    }
  }
>
  <View
    style={
      Object {
        "alignItems": "center",
        "marginTop": 40,
        "width": "85%",
      }
    }
  >
    <View
      style={
        Object {
          "backgroundColor": "#4269E1",
          "borderTopLeftRadius": 10,
          "borderTopRightRadius": 10,
          "padding": 5,
          "width": "100%",
        }
      }
    >
      <Text
        style={
          Object {
            "color": "white",
            "fontSize": 20,
            "fontWeight": "bold",
            "padding": 5,
            "textAlign": "center",
          }
        }
      >
        Signup
      </Text>
    </View>
    <View
      style={
        Object {
          "alignItems": "center",
          "backgroundColor": "white",
          "borderRadius": 5,
          "padding": 5,
          "width": "100%",
        }
      }
    >
      <TextInput
        allowFontScaling={true}
        onChangeText={[Function]}
        placeholder="email"
        rejectResponderTermination={true}
        style={
          Object {
            "borderColor": "gray",
            "borderRadius": 5,
            "borderWidth": 1,
            "margin": 20,
            "paddingLeft": 20,
            "width": "80%",
          }
        }
        underlineColorAndroid="transparent"
        value=""
      />
      <TextInput
        allowFontScaling={true}
        onChangeText={[Function]}
        placeholder="password"
        rejectResponderTermination={true}
        secureTextEntry={true}
        style={
          Object {
            "borderColor": "gray",
            "borderRadius": 5,
            "borderWidth": 1,
            "margin": 20,
            "paddingLeft": 20,
            "width": "80%",
          }
        }
        underlineColorAndroid="transparent"
        value=""
      />
      <View
        style={
          Object {
            "margin": 10,
          }
        }
      >
        <View
          accessible={true}
          focusable={true}
          onClick={[Function]}
          onResponderGrant={[Function]}
          onResponderMove={[Function]}
          onResponderRelease={[Function]}
          onResponderTerminate={[Function]}
          onResponderTerminationRequest={[Function]}
          onStartShouldSetResponder={[Function]}
          style={
            Object {
              "backgroundColor": "#4269E1",
              "borderRadius": 5,
              "margin": 10,
              "opacity": 1,
              "padding": 15,
              "width": 200,
            }
          }
        >
          <Text
            style={
              Object {
                "color": "white",
                "fontSize": 16,
                "fontWeight": "bold",
                "textAlign": "center",
              }
            }
          >
            Submit
          </Text>
        </View>
        <View
          accessible={true}
          focusable={true}
          onClick={[Function]}
          onResponderGrant={[Function]}
          onResponderMove={[Function]}
          onResponderRelease={[Function]}
          onResponderTerminate={[Function]}
          onResponderTerminationRequest={[Function]}
          onStartShouldSetResponder={[Function]}
          style={
            Object {
              "backgroundColor": "#bbb",
              "borderRadius": 5,
              "margin": 10,
              "opacity": 1,
              "padding": 15,
              "width": 200,
            }
          }
        >
          <Text
            style={
              Object {
                "color": "white",
                "fontSize": 16,
                "fontWeight": "bold",
                "textAlign": "center",
              }
            }
          >
            Login
          </Text>
        </View>
      </View>
    </View>
  </View>
</View>
`;
