// Jest Snapshot v1, https://goo.gl/fbAQLP

exports[`ChatBotHome Snapshot Test 1`] = `
<View
  style={
    Object {
      "backgroundColor": "white",
      "flex": 1,
    }
  }
>
  <View
    style={
      Object {
        "alignItems": "center",
        "flex": 1,
        "flexDirection": "column",
      }
    }
  >
    <RCTScrollView
      onContentSizeChange={[Function]}
      style={
        Object {
          "flex": 1,
          "marginTop": 20,
        }
      }
    >
      <View>
        <View
          style={
            Array [
              Object {
                "backgroundColor": "white",
                "flexDirection": "row",
                "justifyContent": "flex-end",
                "marginBottom": 8,
                "marginTop": 8,
                "width": "100%",
              },
              Object {
                "justifyContent": "flex-start",
              },
            ]
          }
        >
          <Text
            style={
              Array [
                Object {
                  "borderRadius": 18,
                  "padding": 10,
                },
                Object {
                  "backgroundColor": "#c2c2c2",
                  "color": "black",
                  "marginLeft": 16,
                },
              ]
            }
          >
            Type 'help' for a list of example questions
          </Text>
        </View>
      </View>
    </RCTScrollView>
    <View
      style={
        Object {
          "backgroundColor": "#dde",
          "flexDirection": "row",
          "justifyContent": "center",
          "marginTop": 10,
          "width": "100%",
        }
      }
    >
      <TextInput
        allowFontScaling={true}
        autoFocus={true}
        onChangeText={[Function]}
        placeholder="Type here to talk"
        rejectResponderTermination={true}
        style={
          Object {
            "flex": 1,
            "fontSize": 16,
            "padding": 16,
          }
        }
        underlineColorAndroid="transparent"
        value=""
      />
      <View>
        <View
          accessible={true}
          focusable={true}
          onClick={[Function]}
          onResponderGrant={[Function]}
          onResponderMove={[Function]}
          onResponderRelease={[Function]}
          onResponderTerminate={[Function]}
          onResponderTerminationRequest={[Function]}
          onStartShouldSetResponder={[Function]}
          style={
            Object {
              "alignItems": "center",
              "alignSelf": "flex-end",
              "backgroundColor": "#f1f1f1",
              "height": 60,
              "justifyContent": "center",
              "opacity": 1,
              "width": 60,
            }
          }
        >
          <RNSVGSvgView
            align="xMidYMid"
            bbHeight={24}
            bbWidth={24}
            className=""
            fill="none"
            focusable={false}
            height={24}
            meetOrSlice={0}
            minX={0}
            minY={0}
            stroke="#000"
            strokeLinecap="round"
            strokeLinejoin="round"
            strokeWidth={2}
            style={
              Array [
                Object {
                  "backgroundColor": "transparent",
                  "borderWidth": 0,
                },
                Object {
                  "flex": 0,
                  "height": 24,
                  "width": 24,
                },
              ]
            }
            vbHeight={24}
            vbWidth={24}
            width={24}
          >
            <RNSVGGroup
              fill={null}
              propList={
                Array [
                  "fill",
                  "stroke",
                  "strokeWidth",
                  "strokeLinecap",
                  "strokeLinejoin",
                ]
              }
              stroke={4278190080}
              strokeLinecap={1}
              strokeLinejoin={1}
              strokeWidth={2}
            >
              <RNSVGPath
                d="M22 2L11 13M22 2l-7 20-4-9-9-4 20-7z"
              />
            </RNSVGGroup>
          </RNSVGSvgView>
        </View>
      </View>
    </View>
    <View>
      <View
        accessible={true}
        focusable={true}
        onClick={[Function]}
        onResponderGrant={[Function]}
        onResponderMove={[Function]}
        onResponderRelease={[Function]}
        onResponderTerminate={[Function]}
        onResponderTerminationRequest={[Function]}
        onStartShouldSetResponder={[Function]}
        style={
          Object {
            "backgroundColor": "#f1f1f1",
            "borderRadius": 30,
            "margin": 16,
            "opacity": 1,
            "width": "50%",
          }
        }
      >
        <Text
          style={
            Object {
              "color": "black",
              "fontSize": 16,
              "padding": 8,
              "textAlign": "center",
            }
          }
        >
          View Previous Output
        </Text>
      </View>
    </View>
  </View>
</View>
`;
