// Jest Snapshot v1, https://goo.gl/fbAQLP

exports[`TransportHome Snapshot Test 1`] = `
<View
  style={
    Object {
      "alignItems": "center",
      "backgroundColor": "#f0f0f0",
      "flex": 1,
    }
  }
>
  <View
    style={
      Object {
        "backgroundColor": "#4269E1",
        "borderTopLeftRadius": 10,
        "borderTopRightRadius": 10,
        "marginTop": 50,
        "padding": 5,
        "width": "80%",
      }
    }
  >
    <Text
      style={
        Object {
          "color": "white",
          "fontSize": 20,
          "padding": 5,
          "textAlign": "center",
        }
      }
    >
      Bus Information
    </Text>
  </View>
  <View
    style={
      Object {
        "alignItems": "center",
        "backgroundColor": "white",
        "borderBottomLeftRadius": 10,
        "borderBottomRightRadius": 10,
        "justifyContent": "center",
        "paddingTop": 30,
        "width": "80%",
      }
    }
  >
    <View
      style={
        Array [
          Object {
            "height": 50,
            "width": "80%",
          },
          Object {
            "zIndex": 5000,
          },
        ]
      }
    >
      <View
        accessible={true}
        focusable={true}
        onClick={[Function]}
        onLayout={[Function]}
        onResponderGrant={[Function]}
        onResponderMove={[Function]}
        onResponderRelease={[Function]}
        onResponderTerminate={[Function]}
        onResponderTerminationRequest={[Function]}
        onStartShouldSetResponder={[Function]}
        style={
          Object {
            "alignItems": "center",
            "backgroundColor": "#f8f8f8",
            "borderBottomLeftRadius": 5,
            "borderBottomRightRadius": 5,
            "borderColor": "#dfdfdf",
            "borderTopLeftRadius": 5,
            "borderTopRightRadius": 5,
            "borderWidth": 1,
            "flex": 1,
            "flexDirection": "row",
            "opacity": 1,
            "paddingHorizontal": 10,
            "paddingVertical": 5,
          }
        }
      >
        <Text
          style={
            Array [
              Object {
                "color": "#000",
              },
              Object {
                "fontSize": 16,
              },
              Object {
                "flex": 1,
                "opacity": 1,
              },
              Object {
                "marginLeft": 5,
                "marginRight": 0,
              },
              [Function],
              Object {
                "padding": 2,
              },
              false,
              Object {},
            ]
          }
        >
          Select a Stop
        </Text>
        <View
          style={
            Array [
              Object {
                "alignItems": "center",
                "borderBottomLeftRadius": 0,
                "borderTopLeftRadius": 0,
                "flexDirection": "row",
                "justifyContent": "center",
                "paddingVertical": 8,
              },
            ]
          }
        >
          <View
            style={
              Array [
                Object {},
                Object {
                  "opacity": 1,
                },
              ]
            }
          >
            <Text
              allowFontScaling={false}
              style={
                Array [
                  Object {
                    "color": "#000",
                    "fontSize": 15,
                  },
                  undefined,
                  Object {
                    "fontFamily": "Feather",
                    "fontStyle": "normal",
                    "fontWeight": "normal",
                  },
                  Object {},
                ]
              }
            >
              ï„®
            </Text>
          </View>
        </View>
      </View>
      <View
        style={
          Array [
            Object {
              "alignItems": "center",
              "backgroundColor": "#fff",
              "borderBottomLeftRadius": 5,
              "borderBottomRightRadius": 5,
              "borderColor": "#dfdfdf",
              "borderTopLeftRadius": 5,
              "borderTopRightRadius": 5,
              "borderWidth": 1,
              "paddingHorizontal": 10,
              "paddingVertical": 5,
            },
            Object {
              "alignItems": "center",
              "borderTopLeftRadius": 0,
              "borderTopRightRadius": 0,
              "justifyContent": "center",
              "position": "absolute",
              "width": "100%",
            },
            Object {},
            Object {
              "borderWidth": 0,
              "display": "none",
              "position": "relative",
            },
            Object {
              "maxHeight": 190,
              "top": undefined,
              "zIndex": 5000,
            },
          ]
        }
      >
        <RCTScrollView
          nestedScrollEnabled={true}
          style={
            Object {
              "width": "100%",
            }
          }
        >
          <View>
            <View
              style={
                Object {
                  "alignItems": "center",
                  "marginBottom": 15,
                  "marginVertical": 10,
                }
              }
            >
              <Text>
                Not Found
              </Text>
            </View>
          </View>
        </RCTScrollView>
      </View>
    </View>
    <Text
      style={
        Object {
          "fontSize": 16,
          "padding": 10,
        }
      }
    >
       or 
    </Text>
    <TextInput
      allowFontScaling={true}
      onChangeText={[Function]}
      placeholder="Bus Number"
      rejectResponderTermination={true}
      style={
        Object {
          "borderColor": "#c3c3c3",
          "borderRadius": 5,
          "borderWidth": 1,
          "fontSize": 16,
          "height": 50,
          "paddingLeft": 20,
          "width": "80%",
        }
      }
      underlineColorAndroid="transparent"
      value=""
    />
    <View
      style={
        Object {
          "margin": 16,
        }
      }
    >
      <View
        accessible={true}
        focusable={true}
        onClick={[Function]}
        onResponderGrant={[Function]}
        onResponderMove={[Function]}
        onResponderRelease={[Function]}
        onResponderTerminate={[Function]}
        onResponderTerminationRequest={[Function]}
        onStartShouldSetResponder={[Function]}
        style={
          Object {
            "backgroundColor": "green",
            "borderRadius": 5,
            "margin": 10,
            "opacity": 1,
            "padding": 15,
            "width": 200,
          }
        }
      >
        <Text
          style={
            Object {
              "color": "white",
              "fontSize": 16,
              "fontWeight": "bold",
              "textAlign": "center",
            }
          }
        >
          Submit
        </Text>
      </View>
    </View>
  </View>
</View>
`;
